// Jest Snapshot v1, https://goo.gl/fbAQLP

exports[`Testing SearchInput Component shoud render correctly 1`] = `
ShallowWrapper {
  "length": 1,
  Symbol(enzyme.__root__): [Circular],
  Symbol(enzyme.__unrendered__): <SearchInput />,
  Symbol(enzyme.__renderer__): Object {
    "batchedUpdates": [Function],
    "getNode": [Function],
    "render": [Function],
    "simulateEvent": [Function],
    "unmount": [Function],
  },
  Symbol(enzyme.__node__): Object {
    "instance": null,
    "key": undefined,
    "nodeType": "host",
    "props": Object {
      "className": undefined,
      "onChange": undefined,
      "onKeyUp": undefined,
      "type": "text",
    },
    "ref": null,
    "rendered": null,
    "type": "input",
  },
  Symbol(enzyme.__nodes__): Array [
    Object {
      "instance": null,
      "key": undefined,
      "nodeType": "host",
      "props": Object {
        "className": undefined,
        "onChange": undefined,
        "onKeyUp": undefined,
        "type": "text",
      },
      "ref": null,
      "rendered": null,
      "type": "input",
    },
  ],
  Symbol(enzyme.__options__): Object {
    "adapter": ReactSixteenAdapter {
      "options": Object {
        "enableComponentDidUpdateOnSetState": true,
      },
    },
  },
}
`;
