// Jest Snapshot v1, https://goo.gl/fbAQLP

exports[`Testing RepositoryInfo Component shoud render correctly 1`] = `
ShallowWrapper {
  "length": 1,
  Symbol(enzyme.__root__): [Circular],
  Symbol(enzyme.__unrendered__): <RepositoryInfo
    repository={
        Object {
            "description": "Descrição",
            "html_url": "https://github.com/JeffersonCN/Balan-o-Patrimonial",
            "name": "Repositório",
            "stargazers_count": 10,
          }
    }
/>,
  Symbol(enzyme.__renderer__): Object {
    "batchedUpdates": [Function],
    "getNode": [Function],
    "render": [Function],
    "simulateEvent": [Function],
    "unmount": [Function],
  },
  Symbol(enzyme.__node__): Object {
    "instance": null,
    "key": undefined,
    "nodeType": "host",
    "props": Object {
      "children": Array [
        <p
          className={undefined}
>
          <a
                    className={undefined}
                    href="https://github.com/JeffersonCN/Balan-o-Patrimonial"
                    target="_blank"
          >
                    Repositório
          </a>
</p>,
        <p
          className={undefined}
>
          Descrição
</p>,
        <TextWithLeftIcon
          icon="star-icon.svg"
          text={10}
/>,
      ],
      "className": undefined,
    },
    "ref": null,
    "rendered": Array [
      Object {
        "instance": null,
        "key": undefined,
        "nodeType": "host",
        "props": Object {
          "children": <a
            className={undefined}
            href="https://github.com/JeffersonCN/Balan-o-Patrimonial"
            target="_blank"
>
            Repositório
</a>,
          "className": undefined,
        },
        "ref": null,
        "rendered": Object {
          "instance": null,
          "key": undefined,
          "nodeType": "host",
          "props": Object {
            "children": "Repositório",
            "className": undefined,
            "href": "https://github.com/JeffersonCN/Balan-o-Patrimonial",
            "target": "_blank",
          },
          "ref": null,
          "rendered": "Repositório",
          "type": "a",
        },
        "type": "p",
      },
      Object {
        "instance": null,
        "key": undefined,
        "nodeType": "host",
        "props": Object {
          "children": "Descrição",
          "className": undefined,
        },
        "ref": null,
        "rendered": "Descrição",
        "type": "p",
      },
      Object {
        "instance": null,
        "key": undefined,
        "nodeType": "class",
        "props": Object {
          "icon": "star-icon.svg",
          "text": 10,
        },
        "ref": null,
        "rendered": null,
        "type": [Function],
      },
    ],
    "type": "div",
  },
  Symbol(enzyme.__nodes__): Array [
    Object {
      "instance": null,
      "key": undefined,
      "nodeType": "host",
      "props": Object {
        "children": Array [
          <p
            className={undefined}
>
            <a
                        className={undefined}
                        href="https://github.com/JeffersonCN/Balan-o-Patrimonial"
                        target="_blank"
            >
                        Repositório
            </a>
</p>,
          <p
            className={undefined}
>
            Descrição
</p>,
          <TextWithLeftIcon
            icon="star-icon.svg"
            text={10}
/>,
        ],
        "className": undefined,
      },
      "ref": null,
      "rendered": Array [
        Object {
          "instance": null,
          "key": undefined,
          "nodeType": "host",
          "props": Object {
            "children": <a
              className={undefined}
              href="https://github.com/JeffersonCN/Balan-o-Patrimonial"
              target="_blank"
>
              Repositório
</a>,
            "className": undefined,
          },
          "ref": null,
          "rendered": Object {
            "instance": null,
            "key": undefined,
            "nodeType": "host",
            "props": Object {
              "children": "Repositório",
              "className": undefined,
              "href": "https://github.com/JeffersonCN/Balan-o-Patrimonial",
              "target": "_blank",
            },
            "ref": null,
            "rendered": "Repositório",
            "type": "a",
          },
          "type": "p",
        },
        Object {
          "instance": null,
          "key": undefined,
          "nodeType": "host",
          "props": Object {
            "children": "Descrição",
            "className": undefined,
          },
          "ref": null,
          "rendered": "Descrição",
          "type": "p",
        },
        Object {
          "instance": null,
          "key": undefined,
          "nodeType": "class",
          "props": Object {
            "icon": "star-icon.svg",
            "text": 10,
          },
          "ref": null,
          "rendered": null,
          "type": [Function],
        },
      ],
      "type": "div",
    },
  ],
  Symbol(enzyme.__options__): Object {
    "adapter": ReactSixteenAdapter {
      "options": Object {
        "enableComponentDidUpdateOnSetState": true,
      },
    },
  },
}
`;
