// Jest Snapshot v1, https://goo.gl/fbAQLP

exports[`Testing RepositoryList Component shoud render correctly 1`] = `
ShallowWrapper {
  "length": 1,
  Symbol(enzyme.__root__): [Circular],
  Symbol(enzyme.__unrendered__): <RepositoriesList
    repos={
        Array [
            Object {
              "description": "Descrição",
              "name": "Repositório",
              "stargazers_count": 10,
            },
          ]
    }
/>,
  Symbol(enzyme.__renderer__): Object {
    "batchedUpdates": [Function],
    "getNode": [Function],
    "render": [Function],
    "simulateEvent": [Function],
    "unmount": [Function],
  },
  Symbol(enzyme.__node__): Object {
    "instance": null,
    "key": undefined,
    "nodeType": "host",
    "props": Object {
      "children": Array [
        <RepositoryInfo
          repository={
                    Object {
                              "description": "Descrição",
                              "name": "Repositório",
                              "stargazers_count": 10,
                            }
          }
/>,
      ],
      "className": undefined,
    },
    "ref": null,
    "rendered": Array [
      Object {
        "instance": null,
        "key": "0",
        "nodeType": "class",
        "props": Object {
          "repository": Object {
            "description": "Descrição",
            "name": "Repositório",
            "stargazers_count": 10,
          },
        },
        "ref": null,
        "rendered": null,
        "type": [Function],
      },
    ],
    "type": "main",
  },
  Symbol(enzyme.__nodes__): Array [
    Object {
      "instance": null,
      "key": undefined,
      "nodeType": "host",
      "props": Object {
        "children": Array [
          <RepositoryInfo
            repository={
                        Object {
                                    "description": "Descrição",
                                    "name": "Repositório",
                                    "stargazers_count": 10,
                                  }
            }
/>,
        ],
        "className": undefined,
      },
      "ref": null,
      "rendered": Array [
        Object {
          "instance": null,
          "key": "0",
          "nodeType": "class",
          "props": Object {
            "repository": Object {
              "description": "Descrição",
              "name": "Repositório",
              "stargazers_count": 10,
            },
          },
          "ref": null,
          "rendered": null,
          "type": [Function],
        },
      ],
      "type": "main",
    },
  ],
  Symbol(enzyme.__options__): Object {
    "adapter": ReactSixteenAdapter {
      "options": Object {
        "enableComponentDidUpdateOnSetState": true,
      },
    },
  },
}
`;
